// Jest Snapshot v1, https://goo.gl/fbAQLP

exports[`<RunStateProvider /> <DemoFulfilled /> renders correctly 1`] = `
<div>
  <h1 />
  <span />
  <button
    onClick={[Function]}
  >
    get
  </button>
</div>
`;

exports[`<RunStateProvider /> <DemoRejected /> renders correctly 1`] = `
<div>
  <h1 />
  <span />
  <button
    onClick={[Function]}
  >
    get
  </button>
</div>
`;
